[www.nisb.in/index.html]
[backblue.gif]
[fade.gif]
[index.html]
[cdn.jsdelivr.net/npm/bulma@0.9.1/css/bulma.min.css]
[www.nisb.in/assets/images/Condensed---White-Circle.ico]
[unpkg.com/@lottiefiles/lottie-player@latest/dist/lottie-player.2.delayed]
[unpkg.com/@lottiefiles/lottie-player@2.0.3/dist/lottie-player.js]
[unpkg.com/ionicons@5.2.3/dist/ionicons.js]
[www.nisb.in/vendors/css/vendors.css]
[www.nisb.in/css/header.css]
[www.nisb.in/css/css.css]
[www.nisb.in/css/font.css]
[www.nisb.in/assets/images/Condensed---White-Circle.png]
[www.nisb.in/assets/JSON/loadingAmin.json]
[www.nisb.in/transparent]
[www.nisb.in/js/header.js]
[www.nisb.in/vendors/js/vendors.js]
[www.nisb.in/js/load.js]
[www.nisb.in/js/hamburger.js]
[www.nisb.in/js/smotthScroll.js]
[www.nisb.in/content.html]
[www.nisb.in/index.html]
[cdn.jsdelivr.net/npm/bulma@0.9.1/css/bulma.min.css]
[www.nisb.in/vendors/css/vendors.css]
[www.nisb.in/css/header.css]
[www.nisb.in/assets/Cores/Tejasvi.jpg]
[www.nisb.in/css/css.css]
[www.nisb.in/fonts/Product-Sans-Regular.ttf]
[www.nisb.in/fonts/Product-Sans-Bold.ttf]
[www.nisb.in/fonts/Product-Sans-Italic.ttf]
[www.nisb.in/fonts/Product-Sans-Bold-Italic.ttf]
[www.nisb.in/css/font.css]
[www.nisb.in/transparent.html]
[www.nisb.in/fonts/Product-Sans-Thin.ttf]
[unpkg.com/aos@next/dist/aos.css]
[unpkg.com/aos@3.0.0-beta.6/dist/aos.css]
[www.gstatic.com/firebasejs/8.3.3/firebase-app.js]
[www.gstatic.com/firebasejs/8.3.3/firebase-analytics.js]
[www.gstatic.com/firebasejs/8.3.2/firebase-firestore.js]
[www.nisb.in/assets/images/Condensed---White.png]
[www.nisb.in/index-2.html]
[www.nisb.in/assets/images/manas2023.png]
[www.nisb.in/assets/images/jijnasa.png]
[www.nisb.in/assets/JSON/discuss.json]
[www.nisb.in/assets/cores23-24/navaneeth1.jpg]
[www.nisb.in/assets/cores23-24/Susha.jpg]
[www.nisb.in/assets/cores23-24/Prajwal.24.delayed]
[www.nisb.in/assets/cores23-24/Smruti]
[www.nisb.in/assets/cores23-24/aravind.jpg]
[www.nisb.in/assets/cores23-24/vindhya.jpg]
[www.nisb.in/assets/cores23-24/Haripriya]
[www.nisb.in/assets/cores23-24/nagarjun11.jpg]
[www.nisb.in/assets/cores23-24/Bhoomika.jpg]
[www.nisb.in/assets/cores23-24/Bimbika]
[www.nisb.in/assets/cores23-24/Navya]
[www.nisb.in/assets/cores23-24/akhil1.jpg]
[www.nisb.in/assets/cores23-24/Nidhi]
[www.nisb.in/assets/cores23-24/Ashrith]
[www.nisb.in/assets/cores23-24/Antriksh]
[www.nisb.in/assets/cores23-24/Namratha]
[www.nisb.in/assets/cores23-24/sahana11.jpg]
[www.nisb.in/assets/cores23-24/Deepashree]
[www.nisb.in/assets/cores23-24/Ananya]
[www.nisb.in/assets/cores23-24/Afreen]
[www.nisb.in/assets/cores23-24/Nameesh.jpg]
[www.nisb.in/assets/cores23-24/nandagopal2.jpg]
[www.nisb.in/assets/images/wie.png]
[www.nisb.in/assets/images/cs.png]
[www.nisb.in/assets/images/cas.png]
[www.nisb.in/assets/images/ras.png]
[www.nisb.in/assets/images/grss.png]
[unpkg.com/aos@next/dist/aos.js]
[unpkg.com/aos@3.0.0-beta.6/dist/aos.js]
[www.nisb.in/nisbevents-export.js]
[cdnjs.cloudflare.com/ajax/libs/PapaParse/5.1.0/papaparse.min.js]
[www.nisb.in/js/firebase-content.js]
[www.nisb.in/js/timer-hero.js]
[www.nisb.in/js/timer-top.js]
[www.nisb.in/js/announcement.js]
[www.nisb.in/content.html]
[www.nisb.in/assets/Cores/Tejasvi.html]
[unpkg.com/aos@3.0.0-beta.6/dist/aos.css]
[www.nisb.in/index-2.html]
[www.nisb.in/assets/cores23-24/Prajwal.html]
[www.nisb.in/assets/cores23-24/Smruti.html]
[www.nisb.in/assets/cores23-24/Haripriya.html]
[www.nisb.in/assets/cores23-24/Bimbika.html]
[www.nisb.in/assets/cores23-24/Navya.html]
[www.nisb.in/assets/cores23-24/Nidhi.html]
[www.nisb.in/assets/cores23-24/Ashrith.html]
[www.nisb.in/assets/cores23-24/Antriksh.html]
[www.nisb.in/assets/cores23-24/Namratha.html]
[www.nisb.in/assets/cores23-24/Deepashree.html]
[www.nisb.in/assets/cores23-24/Ananya.html]
[www.nisb.in/assets/cores23-24/Afreen.html]
